
> my-mantigroup-application@0.1.0 build
> next build

node.exe : ΓÜá Warning: 
Next.js inferred your 
workspace root, but it 
may not be correct.
At line:1 char:1
+ & "C:\Program 
Files\nodejs/node.exe" "
C:\Users\LENOVO\AppData\
Roaming ...
+ ~~~~~~~~~~~~~~~~~~~~~~
~~~~~~~~~~~~~~~~~~~~~~~~
~~~~~~~~~~~~~~~~~~~~~~~
    + CategoryInfo      
        : NotSpecified  
  : (ΓÜá Warning: Ne.   
 ..not be correct.:S    
tring) [], RemoteEx    
ception
    + FullyQualifiedErr 
   orId : NativeComman  
  dError
 
 We detected multiple 
lockfiles and selected 
the directory of C:\User
s\LENOVO\package-lock.js
on as the root 
directory.
 To silence this 
warning, set 
`turbopack.root` in 
your Next.js config, or 
consider removing one 
of the lockfiles if 
it's not needed.
   See https://nextjs.or
g/docs/app/api-reference
/config/next-config-js/t
urbopack#root-directory 
for more information.
 Detected additional 
lockfiles: 
   * C:\Users\LENOVO\Des
ktop\my-mantigroup-appli
cation\package-lock.json

Γû▓ Next.js 16.1.6 (Turbopack)

  Creating an optimized production build ...

> Build error occurred
Error: Turbopack build 
failed with 1 errors:
./Desktop/my-mantigroup-
application/src/componen
ts/Navbar.tsx:5:1
Module not found: Can't 
resolve 'next/use'
[0m [90m 3 |[39m 
[36mimport[39m 
[33mLink[39m 
[36mfrom[39m [32m"nex
t/link"[39m[33m;[39m
 [90m 4 |[39m 
[36mimport[39m { 
usePathname } 
[36mfrom[39m [32m"nex
t/navigation"[39m[33m;
[39m
[31m[1m>[22m[39m[90
m 5 |[39m 
[36mimport[39m { 
useState[33m,[39m 
useEffect } 
[36mfrom[39m [32m"nex
t/use"[39m[33m;[39m
 [90m   |[39m [31m[1
m^[22m[39m[31m[1m^[
22m[39m[31m[1m^[22m
[39m[31m[1m^[22m[39m
[31m[1m^[22m[39m[31
m[1m^[22m[39m[31m[1
m^[22m[39m[31m[1m^[
22m[39m[31m[1m^[22m
[39m[31m[1m^[22m[39m
[31m[1m^[22m[39m[31
m[1m^[22m[39m[31m[1
m^[22m[39m[31m[1m^[
22m[39m[31m[1m^[22m
[39m[31m[1m^[22m[39m
[31m[1m^[22m[39m[31
m[1m^[22m[39m[31m[1
m^[22m[39m[31m[1m^[
22m[39m[31m[1m^[22m
[39m[31m[1m^[22m[39m
[31m[1m^[22m[39m[31
m[1m^[22m[39m[31m[1
m^[22m[39m[31m[1m^[
22m[39m[31m[1m^[22m
[39m[31m[1m^[22m[39m
[31m[1m^[22m[39m[31
m[1m^[22m[39m[31m[1
m^[22m[39m[31m[1m^[
22m[39m[31m[1m^[22m
[39m[31m[1m^[22m[39m
[31m[1m^[22m[39m[31
m[1m^[22m[39m[31m[1
m^[22m[39m[31m[1m^[
22m[39m[31m[1m^[22m
[39m[31m[1m^[22m[39m
[31m[1m^[22m[39m[31
m[1m^[22m[39m[31m[1
m^[22m[39m[31m[1m^[
22m[39m[31m[1m^[22m
[39m[31m[1m^[22m[39m
[31m[1m^[22m[39m
 [90m 6 |[39m 
[36mimport[39m { [33m
Menu[39m[33m,[39m 
[33mX[39m } 
[36mfrom[39m [32m"luc
ide-react"[39m[33m;[3
9m
 [90m 7 |[39m
 [90m 8 |[39m 
[36mconst[39m 
[33mNAV_LINKS[39m 
[33m=[39m [[0m

Import map: aliased to 
module 'next' with 
subpath '/use' inside 
of [project]/Desktop/my-
mantigroup-application


Import trace:
  Server Component:
    ./Desktop/my-mantigr
oup-application/src/comp
onents/Navbar.tsx
    ./Desktop/my-mantigr
oup-application/src/app/
layout.tsx

https://nextjs.org/docs/
messages/module-not-foun
d


    at <unknown> (./Desk
top/my-mantigroup-applic
ation/src/components/Nav
bar.tsx:5:1)
    at <unknown> (https:
//nextjs.org/docs/messag
es/module-not-found)
